[2026-09-12 13:20:28] [INFO] [generate_dummy]: === テスト用ダミーユーザーおよびスコアデータの作成を開始します ===
[2026-09-12 13:20:29] [ERROR] [generate_dummy]: ダミーデータ作成中にエラーが発生しました: (psycopg2.errors.NotNullViolation) null value in column "score_id" of relation "scores" violates not-null constraint
DETAIL:  Failing row contains (null, 1, 7016, 0, 1, 697, 2026-09-12 04:20:28.962931).

[SQL: INSERT INTO scores (user_id, chart_id, play_style, clear_state, ex_score, updated_at) SELECT p0::INTEGER, p1::INTEGER, p2::SMALLINT, p3::INTEGER, p4::INTEGER, p5::TIMESTAMP WITHOUT TIME ZONE FROM (VALUES (%(user_id__0)s, %(chart_id__0)s, %(play_style ... 126210 characters truncated ...  p4, p5, sen_counter) ORDER BY sen_counter RETURNING scores.score_id, scores.score_id AS score_id__1]
[parameters: {'chart_id__0': '7016', 'clear_state__0': 1, 'play_style__0': 0, 'updated_at__0': datetime.datetime(2026, 9, 12, 4, 20, 28, 962931), 'ex_score__0': 697, 'user_id__0': 1, 'chart_id__1': '7458', 'clear_state__1': 1, 'play_style__1': 0, 'updated_at__1': datetime.datetime(2026, 9, 12, 4, 20, 28, 962935), 'ex_score__1': 1131, 'user_id__1': 1, 'chart_id__2': '5041', 'clear_state__2': 1, 'play_style__2': 0, 'updated_at__2': datetime.datetime(2026, 9, 12, 4, 20, 28, 962936), 'ex_score__2': 348, 'user_id__2': 1, 'chart_id__3': '0686', 'clear_state__3': 3, 'play_style__3': 0, 'updated_at__3': datetime.datetime(2026, 9, 12, 4, 20, 28, 962937), 'ex_score__3': 2391, 'user_id__3': 1, 'chart_id__4': '0952', 'clear_state__4': 1, 'play_style__4': 0, 'updated_at__4': datetime.datetime(2026, 9, 12, 4, 20, 28, 962937), 'ex_score__4': 253, 'user_id__4': 1, 'chart_id__5': '2128', 'clear_state__5': 4, 'play_style__5': 0, 'updated_at__5': datetime.datetime(2026, 9, 12, 4, 20, 28, 962938), 'ex_score__5': 2467, 'user_id__5': 1, 'chart_id__6': '5868', 'clear_state__6': 1, 'play_style__6': 0, 'updated_at__6': datetime.datetime(2026, 9, 12, 4, 20, 28, 962939), 'ex_score__6': 781, 'user_id__6': 1, 'chart_id__7': '4435', 'clear_state__7': 1, 'play_style__7': 0, 'updated_at__7': datetime.datetime(2026, 9, 12, 4, 20, 28, 962939), 'ex_score__7': 629, 'user_id__7': 1, 'chart_id__8': '0637', 'clear_state__8': 1 ... 5900 parameters truncated ... 'ex_score__991': 756, 'user_id__991': 15, 'chart_id__992': '0068', 'clear_state__992': 1, 'play_style__992': 1, 'updated_at__992': datetime.datetime(2026, 9, 12, 4, 20, 28, 963528), 'ex_score__992': 505, 'user_id__992': 15, 'chart_id__993': '0137', 'clear_state__993': 1, 'play_style__993': 1, 'updated_at__993': datetime.datetime(2026, 9, 12, 4, 20, 28, 963528), 'ex_score__993': 574, 'user_id__993': 15, 'chart_id__994': '0167', 'clear_state__994': 1, 'play_style__994': 1, 'updated_at__994': datetime.datetime(2026, 9, 12, 4, 20, 28, 963529), 'ex_score__994': 472, 'user_id__994': 15, 'chart_id__995': '0060', 'clear_state__995': 1, 'play_style__995': 1, 'updated_at__995': datetime.datetime(2026, 9, 12, 4, 20, 28, 963529), 'ex_score__995': 644, 'user_id__995': 15, 'chart_id__996': '0044', 'clear_state__996': 1, 'play_style__996': 1, 'updated_at__996': datetime.datetime(2026, 9, 12, 4, 20, 28, 963530), 'ex_score__996': 1146, 'user_id__996': 15, 'chart_id__997': '0040', 'clear_state__997': 1, 'play_style__997': 1, 'updated_at__997': datetime.datetime(2026, 9, 12, 4, 20, 28, 963530), 'ex_score__997': 420, 'user_id__997': 15, 'chart_id__998': '0026', 'clear_state__998': 1, 'play_style__998': 1, 'updated_at__998': datetime.datetime(2026, 9, 12, 4, 20, 28, 963531), 'ex_score__998': 616, 'user_id__998': 15, 'chart_id__999': '0135', 'clear_state__999': 1, 'play_style__999': 1, 'updated_at__999': datetime.datetime(2026, 9, 12, 4, 20, 28, 963531), 'ex_score__999': 702, 'user_id__999': 15}]
(Background on this error at: https://sqlalche.me/e/20/gkpj)
Traceback (most recent call last):
  File "/mnt/d/WSL_recommendsite/project_backend/.venv/lib/python3.14/site-packages/sqlalchemy/engine/base.py", line 2127, in _exec_insertmany_context
    dialect.do_execute(
    ~~~~~~~~~~~~~~~~~~^
        cursor,
        ^^^^^^^
    ...<2 lines>...
        context,
        ^^^^^^^^
    )
    ^
  File "/mnt/d/WSL_recommendsite/project_backend/.venv/lib/python3.14/site-packages/sqlalchemy/engine/default.py", line 952, in do_execute
    cursor.execute(statement, parameters)
    ~~~~~~~~~~~~~~^^^^^^^^^^^^^^^^^^^^^^^
psycopg2.errors.NotNullViolation: null value in column "score_id" of relation "scores" violates not-null constraint
DETAIL:  Failing row contains (null, 1, 7016, 0, 1, 697, 2026-09-12 04:20:28.962931).


The above exception was the direct cause of the following exception:

Traceback (most recent call last):
  File "/mnt/d/WSL_recommendsite/project_backend/src/test/generate_dummy_data.py", line 110, in generate_dummy_data
    db.commit()
    ~~~~~~~~~^^
  File "/mnt/d/WSL_recommendsite/project_backend/.venv/lib/python3.14/site-packages/sqlalchemy/orm/session.py", line 2035, in commit
    trans.commit(_to_root=True)
    ~~~~~~~~~~~~^^^^^^^^^^^^^^^
  File "<string>", line 2, in commit
  File "/mnt/d/WSL_recommendsite/project_backend/.venv/lib/python3.14/site-packages/sqlalchemy/orm/state_changes.py", line 137, in _go
    ret_value = fn(self, *arg, **kw)
  File "/mnt/d/WSL_recommendsite/project_backend/.venv/lib/python3.14/site-packages/sqlalchemy/orm/session.py", line 1316, in commit
    self._prepare_impl()
    ~~~~~~~~~~~~~~~~~~^^
  File "<string>", line 2, in _prepare_impl
  File "/mnt/d/WSL_recommendsite/project_backend/.venv/lib/python3.14/site-packages/sqlalchemy/orm/state_changes.py", line 137, in _go
    ret_value = fn(self, *arg, **kw)
  File "/mnt/d/WSL_recommendsite/project_backend/.venv/lib/python3.14/site-packages/sqlalchemy/orm/session.py", line 1290, in _prepare_impl
    self.session.flush()
    ~~~~~~~~~~~~~~~~~~^^
  File "/mnt/d/WSL_recommendsite/project_backend/.venv/lib/python3.14/site-packages/sqlalchemy/orm/session.py", line 4353, in flush
    self._flush(objects)
    ~~~~~~~~~~~^^^^^^^^^
  File "/mnt/d/WSL_recommendsite/project_backend/.venv/lib/python3.14/site-packages/sqlalchemy/orm/session.py", line 4488, in _flush
    with util.safe_reraise():
         ~~~~~~~~~~~~~~~~~^^
  File "/mnt/d/WSL_recommendsite/project_backend/.venv/lib/python3.14/site-packages/sqlalchemy/util/langhelpers.py", line 122, in __exit__
    raise exc_value.with_traceback(exc_tb)
  File "/mnt/d/WSL_recommendsite/project_backend/.venv/lib/python3.14/site-packages/sqlalchemy/orm/session.py", line 4449, in _flush
    flush_context.execute()
    ~~~~~~~~~~~~~~~~~~~~~^^
  File "/mnt/d/WSL_recommendsite/project_backend/.venv/lib/python3.14/site-packages/sqlalchemy/orm/unitofwork.py", line 465, in execute
    rec.execute(self)
    ~~~~~~~~~~~^^^^^^
  File "/mnt/d/WSL_recommendsite/project_backend/.venv/lib/python3.14/site-packages/sqlalchemy/orm/unitofwork.py", line 641, in execute
    util.preloaded.orm_persistence.save_obj(
    ~~~~~~~~~~~~~~~~~~~~~~~~~~~~~~~~~~~~~~~^
        self.mapper,
        ^^^^^^^^^^^^
        uow.states_for_mapper_hierarchy(self.mapper, False, False),
        ^^^^^^^^^^^^^^^^^^^^^^^^^^^^^^^^^^^^^^^^^^^^^^^^^^^^^^^^^^^
        uow,
        ^^^^
    )
    ^
  File "/mnt/d/WSL_recommendsite/project_backend/.venv/lib/python3.14/site-packages/sqlalchemy/orm/persistence.py", line 94, in save_obj
    _emit_insert_statements(
    ~~~~~~~~~~~~~~~~~~~~~~~^
        base_mapper,
        ^^^^^^^^^^^^
    ...<3 lines>...
        insert,
        ^^^^^^^
    )
    ^
  File "/mnt/d/WSL_recommendsite/project_backend/.venv/lib/python3.14/site-packages/sqlalchemy/orm/persistence.py", line 1144, in _emit_insert_statements
    result = connection.execute(
        statement, multiparams, execution_options=execution_options
    )
  File "/mnt/d/WSL_recommendsite/project_backend/.venv/lib/python3.14/site-packages/sqlalchemy/engine/base.py", line 1421, in execute
    return meth(
        self,
        distilled_parameters,
        execution_options or NO_OPTIONS,
    )
  File "/mnt/d/WSL_recommendsite/project_backend/.venv/lib/python3.14/site-packages/sqlalchemy/sql/elements.py", line 526, in _execute_on_connection
    return connection._execute_clauseelement(
           ~~~~~~~~~~~~~~~~~~~~~~~~~~~~~~~~~^
        self, distilled_params, execution_options
        ^^^^^^^^^^^^^^^^^^^^^^^^^^^^^^^^^^^^^^^^^
    )
    ^
  File "/mnt/d/WSL_recommendsite/project_backend/.venv/lib/python3.14/site-packages/sqlalchemy/engine/base.py", line 1643, in _execute_clauseelement
    ret = self._execute_context(
        dialect,
    ...<8 lines>...
        cache_hit=cache_hit,
    )
  File "/mnt/d/WSL_recommendsite/project_backend/.venv/lib/python3.14/site-packages/sqlalchemy/engine/base.py", line 1846, in _execute_context
    return self._exec_insertmany_context(dialect, context)
           ~~~~~~~~~~~~~~~~~~~~~~~~~~~~~^^^^^^^^^^^^^^^^^^
  File "/mnt/d/WSL_recommendsite/project_backend/.venv/lib/python3.14/site-packages/sqlalchemy/engine/base.py", line 2135, in _exec_insertmany_context
    self._handle_dbapi_exception(
    ~~~~~~~~~~~~~~~~~~~~~~~~~~~~^
        e,
        ^^
    ...<4 lines>...
        is_sub_exec=True,
        ^^^^^^^^^^^^^^^^^
    )
    ^
  File "/mnt/d/WSL_recommendsite/project_backend/.venv/lib/python3.14/site-packages/sqlalchemy/engine/base.py", line 2365, in _handle_dbapi_exception
    raise sqlalchemy_exception.with_traceback(exc_info[2]) from e
  File "/mnt/d/WSL_recommendsite/project_backend/.venv/lib/python3.14/site-packages/sqlalchemy/engine/base.py", line 2127, in _exec_insertmany_context
    dialect.do_execute(
    ~~~~~~~~~~~~~~~~~~^
        cursor,
        ^^^^^^^
    ...<2 lines>...
        context,
        ^^^^^^^^
    )
    ^
  File "/mnt/d/WSL_recommendsite/project_backend/.venv/lib/python3.14/site-packages/sqlalchemy/engine/default.py", line 952, in do_execute
    cursor.execute(statement, parameters)
    ~~~~~~~~~~~~~~^^^^^^^^^^^^^^^^^^^^^^^
sqlalchemy.exc.IntegrityError: (psycopg2.errors.NotNullViolation) null value in column "score_id" of relation "scores" violates not-null constraint
DETAIL:  Failing row contains (null, 1, 7016, 0, 1, 697, 2026-09-12 04:20:28.962931).

[SQL: INSERT INTO scores (user_id, chart_id, play_style, clear_state, ex_score, updated_at) SELECT p0::INTEGER, p1::INTEGER, p2::SMALLINT, p3::INTEGER, p4::INTEGER, p5::TIMESTAMP WITHOUT TIME ZONE FROM (VALUES (%(user_id__0)s, %(chart_id__0)s, %(play_style ... 126210 characters truncated ...  p4, p5, sen_counter) ORDER BY sen_counter RETURNING scores.score_id, scores.score_id AS score_id__1]
[parameters: {'chart_id__0': '7016', 'clear_state__0': 1, 'play_style__0': 0, 'updated_at__0': datetime.datetime(2026, 9, 12, 4, 20, 28, 962931), 'ex_score__0': 697, 'user_id__0': 1, 'chart_id__1': '7458', 'clear_state__1': 1, 'play_style__1': 0, 'updated_at__1': datetime.datetime(2026, 9, 12, 4, 20, 28, 962935), 'ex_score__1': 1131, 'user_id__1': 1, 'chart_id__2': '5041', 'clear_state__2': 1, 'play_style__2': 0, 'updated_at__2': datetime.datetime(2026, 9, 12, 4, 20, 28, 962936), 'ex_score__2': 348, 'user_id__2': 1, 'chart_id__3': '0686', 'clear_state__3': 3, 'play_style__3': 0, 'updated_at__3': datetime.datetime(2026, 9, 12, 4, 20, 28, 962937), 'ex_score__3': 2391, 'user_id__3': 1, 'chart_id__4': '0952', 'clear_state__4': 1, 'play_style__4': 0, 'updated_at__4': datetime.datetime(2026, 9, 12, 4, 20, 28, 962937), 'ex_score__4': 253, 'user_id__4': 1, 'chart_id__5': '2128', 'clear_state__5': 4, 'play_style__5': 0, 'updated_at__5': datetime.datetime(2026, 9, 12, 4, 20, 28, 962938), 'ex_score__5': 2467, 'user_id__5': 1, 'chart_id__6': '5868', 'clear_state__6': 1, 'play_style__6': 0, 'updated_at__6': datetime.datetime(2026, 9, 12, 4, 20, 28, 962939), 'ex_score__6': 781, 'user_id__6': 1, 'chart_id__7': '4435', 'clear_state__7': 1, 'play_style__7': 0, 'updated_at__7': datetime.datetime(2026, 9, 12, 4, 20, 28, 962939), 'ex_score__7': 629, 'user_id__7': 1, 'chart_id__8': '0637', 'clear_state__8': 1 ... 5900 parameters truncated ... 'ex_score__991': 756, 'user_id__991': 15, 'chart_id__992': '0068', 'clear_state__992': 1, 'play_style__992': 1, 'updated_at__992': datetime.datetime(2026, 9, 12, 4, 20, 28, 963528), 'ex_score__992': 505, 'user_id__992': 15, 'chart_id__993': '0137', 'clear_state__993': 1, 'play_style__993': 1, 'updated_at__993': datetime.datetime(2026, 9, 12, 4, 20, 28, 963528), 'ex_score__993': 574, 'user_id__993': 15, 'chart_id__994': '0167', 'clear_state__994': 1, 'play_style__994': 1, 'updated_at__994': datetime.datetime(2026, 9, 12, 4, 20, 28, 963529), 'ex_score__994': 472, 'user_id__994': 15, 'chart_id__995': '0060', 'clear_state__995': 1, 'play_style__995': 1, 'updated_at__995': datetime.datetime(2026, 9, 12, 4, 20, 28, 963529), 'ex_score__995': 644, 'user_id__995': 15, 'chart_id__996': '0044', 'clear_state__996': 1, 'play_style__996': 1, 'updated_at__996': datetime.datetime(2026, 9, 12, 4, 20, 28, 963530), 'ex_score__996': 1146, 'user_id__996': 15, 'chart_id__997': '0040', 'clear_state__997': 1, 'play_style__997': 1, 'updated_at__997': datetime.datetime(2026, 9, 12, 4, 20, 28, 963530), 'ex_score__997': 420, 'user_id__997': 15, 'chart_id__998': '0026', 'clear_state__998': 1, 'play_style__998': 1, 'updated_at__998': datetime.datetime(2026, 9, 12, 4, 20, 28, 963531), 'ex_score__998': 616, 'user_id__998': 15, 'chart_id__999': '0135', 'clear_state__999': 1, 'play_style__999': 1, 'updated_at__999': datetime.datetime(2026, 9, 12, 4, 20, 28, 963531), 'ex_score__999': 702, 'user_id__999': 15}]
(Background on this error at: https://sqlalche.me/e/20/gkpj)
[2026-09-12 13:24:42] [INFO] [generate_dummy]: === テスト用ダミーユーザーおよびスコアデータの作成を開始します ===
[2026-09-12 13:24:42] [INFO] [generate_dummy]: ダミーデータ作成完了: ユーザー 20 名 | スコア 1387 件
