[2026-09-11 16:34:31] [INFO] [calibrate_clear]: === ベクトル化キャリブレーション処理を開始します (Device: cpu) ===
[2026-09-11 16:34:31] [INFO] [calibrate_clear]: --- [SP] データロード・前処理中 ---
[2026-09-11 16:34:31] [INFO] [calibrate_clear]: [SP] 計算対象: アクティブユーザー 20 名 | 譜面 7546 件 | プレイログ 756 件
[2026-09-11 16:34:40] [INFO] [calibrate_clear]: [SP] キャリブレーション成功 (ユーザー: 20名, 譜面: 7546件)
[2026-09-11 16:34:40] [INFO] [calibrate_clear]: --- [DP] データロード・前処理中 ---
[2026-09-11 16:34:40] [INFO] [calibrate_clear]: [DP] 計算対象: アクティブユーザー 20 名 | 譜面 183 件 | プレイログ 695 件
[2026-09-11 16:34:40] [INFO] [calibrate_clear]: [DP] キャリブレーション成功 (ユーザー: 20名, 譜面: 183件)
[2026-09-11 16:34:41] [INFO] [calibrate_clear]: === 全キャリブレーション処理完了 (処理時間: 10.66秒) ===
[2026-09-11 16:39:00] [INFO] [calibrate_clear]: === ベクトル化キャリブレーション処理を開始します (Device: cpu) ===
[2026-09-11 16:39:00] [INFO] [calibrate_clear]: --- [SP] データロード・前処理中 ---
[2026-09-11 16:39:00] [INFO] [calibrate_clear]: [SP] 計算対象: アクティブユーザー 20 名 | 譜面 7546 件 | プレイログ 756 件
[2026-09-11 16:39:09] [INFO] [calibrate_clear]: [SP] キャリブレーション成功 (ユーザー: 20名, 譜面: 7546件)
[2026-09-11 16:39:09] [INFO] [calibrate_clear]: --- [DP] データロード・前処理中 ---
[2026-09-11 16:39:09] [INFO] [calibrate_clear]: [DP] 計算対象: アクティブユーザー 20 名 | 譜面 183 件 | プレイログ 695 件
[2026-09-11 16:39:09] [INFO] [calibrate_clear]: [DP] キャリブレーション成功 (ユーザー: 20名, 譜面: 183件)
[2026-09-11 16:39:11] [INFO] [calibrate_clear]: === 全キャリブレーション処理完了 (処理時間: 10.74秒) ===
[2026-09-11 16:44:50] [INFO] [calibrate_clear]: === ベクトル化キャリブレーション処理を開始します (Device: cpu) ===
[2026-09-11 16:44:50] [INFO] [calibrate_clear]: --- [SP] データロード・前処理中 ---
[2026-09-11 16:44:50] [INFO] [calibrate_clear]: [SP] 計算対象: アクティブユーザー 20 名 | 譜面 7546 件 | プレイログ 756 件
[2026-09-11 16:44:59] [INFO] [calibrate_clear]: [SP] キャリブレーション成功 (ユーザー: 20名, 譜面: 7546件)
[2026-09-11 16:44:59] [INFO] [calibrate_clear]: --- [DP] データロード・前処理中 ---
[2026-09-11 16:44:59] [INFO] [calibrate_clear]: [DP] 計算対象: アクティブユーザー 20 名 | 譜面 183 件 | プレイログ 695 件
[2026-09-11 16:44:59] [INFO] [calibrate_clear]: [DP] キャリブレーション成功 (ユーザー: 20名, 譜面: 183件)
[2026-09-11 16:45:03] [INFO] [calibrate_clear]: === 全キャリブレーション処理完了 (処理時間: 13.22秒) ===
[2026-09-11 16:49:01] [INFO] [calibrate_clear]: === ベクトル化キャリブレーション処理を開始します (Device: cpu) ===
[2026-09-11 16:49:01] [INFO] [calibrate_clear]: --- [SP] データロード・前処理中 ---
[2026-09-11 16:49:02] [INFO] [calibrate_clear]: [SP] 計算対象: アクティブユーザー 20 名 | 譜面 7546 件 | プレイログ 756 件
[2026-09-11 16:49:10] [INFO] [calibrate_clear]: [SP] キャリブレーション成功 (ユーザー: 20名, 譜面: 7546件)
[2026-09-11 16:49:10] [INFO] [calibrate_clear]: --- [DP] データロード・前処理中 ---
[2026-09-11 16:49:10] [INFO] [calibrate_clear]: [DP] 計算対象: アクティブユーザー 20 名 | 譜面 183 件 | プレイログ 695 件
[2026-09-11 16:49:11] [INFO] [calibrate_clear]: [DP] キャリブレーション成功 (ユーザー: 20名, 譜面: 183件)
[2026-09-11 16:49:12] [INFO] [calibrate_clear]: === 全キャリブレーション処理完了 (処理時間: 10.24秒) ===
[2026-09-11 17:03:26] [INFO] [calibrate_clear]: === ベクトル化キャリブレーション処理を開始します (Device: cpu) ===
[2026-09-11 17:03:26] [INFO] [calibrate_clear]: --- [SP] データロード・前処理中 ---
[2026-09-11 17:03:26] [INFO] [calibrate_clear]: [SP] 計算対象: アクティブユーザー 20 名 | 譜面 7546 件 | プレイログ 763 件
[2026-09-11 17:03:35] [INFO] [calibrate_clear]: [SP] キャリブレーション成功 (ユーザー: 20名, 譜面: 7546件)
[2026-09-11 17:03:35] [INFO] [calibrate_clear]: --- [DP] データロード・前処理中 ---
[2026-09-11 17:03:35] [INFO] [calibrate_clear]: [DP] 計算対象: アクティブユーザー 20 名 | 譜面 183 件 | プレイログ 619 件
[2026-09-11 17:03:35] [INFO] [calibrate_clear]: [DP] キャリブレーション成功 (ユーザー: 20名, 譜面: 183件)
[2026-09-11 17:03:37] [INFO] [calibrate_clear]: === 全キャリブレーション処理完了 (処理時間: 10.43秒) ===
